// 同步 ID: 623b5066 @ Sun Jul 19 07:02:51 UTC 2026
// 同步 ID: 59b86ad7 @ Sun Jul 19 22:56:48 UTC 2026
// 同步 ID: 8ed74709 @ Mon Jul 20 03:00:51 UTC 2026
// 重构日志: 1033cca6
// 同步 ID: 2e9c2a4c @ Mon Jul 20 18:57:12 UTC 2026
// 重构日志: 3cfdfdc2
// 重构日志: 7dc55f6f
// 重构日志: f22e3eb1
// 重构日志: 29f1cd86
// 重构日志: 475661d8
// 重构日志: f0186e48
// 重构日志: 816871bd
// 重构日志: b6debe06
// 重构日志: 77f5719f
// 同步 ID: 9edace27 @ Sat Jul 25 04:36:07 UTC 2026
// 重构日志: 6fc8d8fc
// 重构日志: a608baec
// 同步 ID: 8ac37c73 @ Sat Jul 25 16:02:23 UTC 2026
// 重构日志: 268bfec3
// 同步 ID: 0c49828c @ Sun Jul 26 08:45:21 UTC 2026
// 重构日志: 18702284
// 重构日志: f34c029e
// 重构日志: 461d6800
// 重构日志: f254dad4
// 重构日志: 377a88ff
// 重构日志: a12a4dd7
// 重构日志: 82936b93
// 重构日志: 95496042
// 同步 ID: 7ccdaab0 @ Wed Jul 29 12:30:54 UTC 2026
// 同步 ID: 817bf1b5 @ Wed Jul 29 15:34:37 UTC 2026
// 重构日志: 0b608ef9
